PID: 31843
INFO: Using projection 1080x2400@1080x2400/0
INFO: (external/MY_minicap/src/minicap_34.cpp:394) In Android 34
INFO: (external/MY_minicap/src/minicap_34.cpp:245) Creating SurfaceComposerClient
INFO: (external/MY_minicap/src/minicap_34.cpp:248) Performing SurfaceComposerClient init check
INFO: (external/MY_minicap/src/minicap_34.cpp:259) Creating virtual display
INFO: (external/MY_minicap/src/minicap_34.cpp:266) Creating buffer queue
INFO: (external/MY_minicap/src/minicap_34.cpp:269) Setting buffer options
INFO: (external/MY_minicap/src/minicap_34.cpp:273) Creating CPU consumer
INFO: (external/MY_minicap/src/minicap_34.cpp:277) Creating frame waiter
INFO: (external/MY_minicap/src/minicap_34.cpp:281) Publishing virtual display
PID: 31954
INFO: Using projection 1080x2400@1080x2400/0
INFO: (external/MY_minicap/src/minicap_34.cpp:394) In Android 34
INFO: (external/MY_minicap/src/minicap_34.cpp:245) Creating SurfaceComposerClient
INFO: (external/MY_minicap/src/minicap_34.cpp:248) Performing SurfaceComposerClient init check
INFO: (external/MY_minicap/src/minicap_34.cpp:259) Creating virtual display
INFO: (external/MY_minicap/src/minicap_34.cpp:266) Creating buffer queue
INFO: (external/MY_minicap/src/minicap_34.cpp:269) Setting buffer options
INFO: (external/MY_minicap/src/minicap_34.cpp:273) Creating CPU consumer
INFO: (external/MY_minicap/src/minicap_34.cpp:277) Creating frame waiter
INFO: (external/MY_minicap/src/minicap_34.cpp:281) Publishing virtual display
PID: 32120
INFO: Using projection 1080x2400@1080x2400/0
INFO: (external/MY_minicap/src/minicap_34.cpp:394) In Android 34
INFO: (external/MY_minicap/src/minicap_34.cpp:245) Creating SurfaceComposerClient
INFO: (external/MY_minicap/src/minicap_34.cpp:248) Performing SurfaceComposerClient init check
INFO: (external/MY_minicap/src/minicap_34.cpp:259) Creating virtual display
INFO: (external/MY_minicap/src/minicap_34.cpp:266) Creating buffer queue
INFO: (external/MY_minicap/src/minicap_34.cpp:269) Setting buffer options
INFO: (external/MY_minicap/src/minicap_34.cpp:273) Creating CPU consumer
INFO: (external/MY_minicap/src/minicap_34.cpp:277) Creating frame waiter
INFO: (external/MY_minicap/src/minicap_34.cpp:281) Publishing virtual display
PID: 32268
INFO: Using projection 1080x2400@1080x2400/0
INFO: (external/MY_minicap/src/minicap_34.cpp:394) In Android 34
INFO: (external/MY_minicap/src/minicap_34.cpp:245) Creating SurfaceComposerClient
INFO: (external/MY_minicap/src/minicap_34.cpp:248) Performing SurfaceComposerClient init check
INFO: (external/MY_minicap/src/minicap_34.cpp:259) Creating virtual display
INFO: (external/MY_minicap/src/minicap_34.cpp:266) Creating buffer queue
INFO: (external/MY_minicap/src/minicap_34.cpp:269) Setting buffer options
INFO: (external/MY_minicap/src/minicap_34.cpp:273) Creating CPU consumer
INFO: (external/MY_minicap/src/minicap_34.cpp:277) Creating frame waiter
INFO: (external/MY_minicap/src/minicap_34.cpp:281) Publishing virtual display
PID: 32381
INFO: Using projection 1080x2400@1080x2400/0
INFO: (external/MY_minicap/src/minicap_34.cpp:394) In Android 34
INFO: (external/MY_minicap/src/minicap_34.cpp:245) Creating SurfaceComposerClient
INFO: (external/MY_minicap/src/minicap_34.cpp:248) Performing SurfaceComposerClient init check
INFO: (external/MY_minicap/src/minicap_34.cpp:259) Creating virtual display
INFO: (external/MY_minicap/src/minicap_34.cpp:266) Creating buffer queue
INFO: (external/MY_minicap/src/minicap_34.cpp:269) Setting buffer options
INFO: (external/MY_minicap/src/minicap_34.cpp:273) Creating CPU consumer
INFO: (external/MY_minicap/src/minicap_34.cpp:277) Creating frame waiter
INFO: (external/MY_minicap/src/minicap_34.cpp:281) Publishing virtual display
PID: 32395
INFO: Using projection 1080x2400@1080x2400/0
INFO: (external/MY_minicap/src/minicap_34.cpp:394) In Android 34
INFO: (external/MY_minicap/src/minicap_34.cpp:245) Creating SurfaceComposerClient
INFO: (external/MY_minicap/src/minicap_34.cpp:248) Performing SurfaceComposerClient init check
INFO: (external/MY_minicap/src/minicap_34.cpp:259) Creating virtual display
INFO: (external/MY_minicap/src/minicap_34.cpp:266) Creating buffer queue
INFO: (external/MY_minicap/src/minicap_34.cpp:269) Setting buffer options
INFO: (external/MY_minicap/src/minicap_34.cpp:273) Creating CPU consumer
INFO: (external/MY_minicap/src/minicap_34.cpp:277) Creating frame waiter
INFO: (external/MY_minicap/src/minicap_34.cpp:281) Publishing virtual display
PID: 32408
INFO: Using projection 1080x2400@1080x2400/0
INFO: (external/MY_minicap/src/minicap_34.cpp:394) In Android 34
INFO: (external/MY_minicap/src/minicap_34.cpp:245) Creating SurfaceComposerClient
INFO: (external/MY_minicap/src/minicap_34.cpp:248) Performing SurfaceComposerClient init check
INFO: (external/MY_minicap/src/minicap_34.cpp:259) Creating virtual display
INFO: (external/MY_minicap/src/minicap_34.cpp:266) Creating buffer queue
INFO: (external/MY_minicap/src/minicap_34.cpp:269) Setting buffer options
INFO: (external/MY_minicap/src/minicap_34.cpp:273) Creating CPU consumer
INFO: (external/MY_minicap/src/minicap_34.cpp:277) Creating frame waiter
INFO: (external/MY_minicap/src/minicap_34.cpp:281) Publishing virtual display
PID: 32421
INFO: Using projection 1080x2400@1080x2400/0
INFO: (external/MY_minicap/src/minicap_34.cpp:394) In Android 34
INFO: (external/MY_minicap/src/minicap_34.cpp:245) Creating SurfaceComposerClient
INFO: (external/MY_minicap/src/minicap_34.cpp:248) Performing SurfaceComposerClient init check
INFO: (external/MY_minicap/src/minicap_34.cpp:259) Creating virtual display
INFO: (external/MY_minicap/src/minicap_34.cpp:266) Creating buffer queue
INFO: (external/MY_minicap/src/minicap_34.cpp:269) Setting buffer options
INFO: (external/MY_minicap/src/minicap_34.cpp:273) Creating CPU consumer
INFO: (external/MY_minicap/src/minicap_34.cpp:277) Creating frame waiter
INFO: (external/MY_minicap/src/minicap_34.cpp:281) Publishing virtual display
PID: 32587
INFO: Using projection 1080x2400@1080x2400/0
INFO: (external/MY_minicap/src/minicap_34.cpp:394) In Android 34
INFO: (external/MY_minicap/src/minicap_34.cpp:245) Creating SurfaceComposerClient
INFO: (external/MY_minicap/src/minicap_34.cpp:248) Performing SurfaceComposerClient init check
INFO: (external/MY_minicap/src/minicap_34.cpp:259) Creating virtual display
INFO: (external/MY_minicap/src/minicap_34.cpp:266) Creating buffer queue
INFO: (external/MY_minicap/src/minicap_34.cpp:269) Setting buffer options
INFO: (external/MY_minicap/src/minicap_34.cpp:273) Creating CPU consumer
INFO: (external/MY_minicap/src/minicap_34.cpp:277) Creating frame waiter
INFO: (external/MY_minicap/src/minicap_34.cpp:281) Publishing virtual display
PID: 32631
INFO: Using projection 1080x2400@1080x2400/0
INFO: (external/MY_minicap/src/minicap_34.cpp:394) In Android 34
INFO: (external/MY_minicap/src/minicap_34.cpp:245) Creating SurfaceComposerClient
INFO: (external/MY_minicap/src/minicap_34.cpp:248) Performing SurfaceComposerClient init check
INFO: (external/MY_minicap/src/minicap_34.cpp:259) Creating virtual display
INFO: (external/MY_minicap/src/minicap_34.cpp:266) Creating buffer queue
INFO: (external/MY_minicap/src/minicap_34.cpp:269) Setting buffer options
INFO: (external/MY_minicap/src/minicap_34.cpp:273) Creating CPU consumer
INFO: (external/MY_minicap/src/minicap_34.cpp:277) Creating frame waiter
INFO: (external/MY_minicap/src/minicap_34.cpp:281) Publishing virtual display
PID: 32647
INFO: Using projection 1080x2400@1080x2400/0
INFO: (external/MY_minicap/src/minicap_34.cpp:394) In Android 34
INFO: (external/MY_minicap/src/minicap_34.cpp:245) Creating SurfaceComposerClient
INFO: (external/MY_minicap/src/minicap_34.cpp:248) Performing SurfaceComposerClient init check
INFO: (external/MY_minicap/src/minicap_34.cpp:259) Creating virtual display
INFO: (external/MY_minicap/src/minicap_34.cpp:266) Creating buffer queue
INFO: (external/MY_minicap/src/minicap_34.cpp:269) Setting buffer options
INFO: (external/MY_minicap/src/minicap_34.cpp:273) Creating CPU consumer
INFO: (external/MY_minicap/src/minicap_34.cpp:277) Creating frame waiter
INFO: (external/MY_minicap/src/minicap_34.cpp:281) Publishing virtual display
PID: 32681
INFO: Using projection 1080x2400@1080x2400/0
INFO: (external/MY_minicap/src/minicap_34.cpp:394) In Android 34
INFO: (external/MY_minicap/src/minicap_34.cpp:245) Creating SurfaceComposerClient
INFO: (external/MY_minicap/src/minicap_34.cpp:248) Performing SurfaceComposerClient init check
INFO: (external/MY_minicap/src/minicap_34.cpp:259) Creating virtual display
INFO: (external/MY_minicap/src/minicap_34.cpp:266) Creating buffer queue
INFO: (external/MY_minicap/src/minicap_34.cpp:269) Setting buffer options
INFO: (external/MY_minicap/src/minicap_34.cpp:273) Creating CPU consumer
INFO: (external/MY_minicap/src/minicap_34.cpp:277) Creating frame waiter
INFO: (external/MY_minicap/src/minicap_34.cpp:281) Publishing virtual display
PID: 32741
INFO: Using projection 1080x2400@1080x2400/0
INFO: (external/MY_minicap/src/minicap_34.cpp:394) In Android 34
INFO: (external/MY_minicap/src/minicap_34.cpp:245) Creating SurfaceComposerClient
INFO: (external/MY_minicap/src/minicap_34.cpp:248) Performing SurfaceComposerClient init check
INFO: (external/MY_minicap/src/minicap_34.cpp:259) Creating virtual display
INFO: (external/MY_minicap/src/minicap_34.cpp:266) Creating buffer queue
INFO: (external/MY_minicap/src/minicap_34.cpp:269) Setting buffer options
INFO: (external/MY_minicap/src/minicap_34.cpp:273) Creating CPU consumer
INFO: (external/MY_minicap/src/minicap_34.cpp:277) Creating frame waiter
INFO: (external/MY_minicap/src/minicap_34.cpp:281) Publishing virtual display
PID: 32757
INFO: Using projection 1080x2400@1080x2400/0
INFO: (external/MY_minicap/src/minicap_34.cpp:394) In Android 34
INFO: (external/MY_minicap/src/minicap_34.cpp:245) Creating SurfaceComposerClient
INFO: (external/MY_minicap/src/minicap_34.cpp:248) Performing SurfaceComposerClient init check
INFO: (external/MY_minicap/src/minicap_34.cpp:259) Creating virtual display
INFO: (external/MY_minicap/src/minicap_34.cpp:266) Creating buffer queue
INFO: (external/MY_minicap/src/minicap_34.cpp:269) Setting buffer options
INFO: (external/MY_minicap/src/minicap_34.cpp:273) Creating CPU consumer
INFO: (external/MY_minicap/src/minicap_34.cpp:277) Creating frame waiter
INFO: (external/MY_minicap/src/minicap_34.cpp:281) Publishing virtual display
PID: 576
INFO: Using projection 1080x2400@1080x2400/0
INFO: (external/MY_minicap/src/minicap_34.cpp:394) In Android 34
INFO: (external/MY_minicap/src/minicap_34.cpp:245) Creating SurfaceComposerClient
INFO: (external/MY_minicap/src/minicap_34.cpp:248) Performing SurfaceComposerClient init check
INFO: (external/MY_minicap/src/minicap_34.cpp:259) Creating virtual display
INFO: (external/MY_minicap/src/minicap_34.cpp:266) Creating buffer queue
INFO: (external/MY_minicap/src/minicap_34.cpp:269) Setting buffer options
INFO: (external/MY_minicap/src/minicap_34.cpp:273) Creating CPU consumer
INFO: (external/MY_minicap/src/minicap_34.cpp:277) Creating frame waiter
INFO: (external/MY_minicap/src/minicap_34.cpp:281) Publishing virtual display
PID: 632
INFO: Using projection 1080x2400@1080x2400/0
INFO: (external/MY_minicap/src/minicap_34.cpp:394) In Android 34
INFO: (external/MY_minicap/src/minicap_34.cpp:245) Creating SurfaceComposerClient
INFO: (external/MY_minicap/src/minicap_34.cpp:248) Performing SurfaceComposerClient init check
INFO: (external/MY_minicap/src/minicap_34.cpp:259) Creating virtual display
INFO: (external/MY_minicap/src/minicap_34.cpp:266) Creating buffer queue
INFO: (external/MY_minicap/src/minicap_34.cpp:269) Setting buffer options
INFO: (external/MY_minicap/src/minicap_34.cpp:273) Creating CPU consumer
INFO: (external/MY_minicap/src/minicap_34.cpp:277) Creating frame waiter
INFO: (external/MY_minicap/src/minicap_34.cpp:281) Publishing virtual display
PID: 909
INFO: Using projection 1080x2400@1080x2400/0
INFO: (external/MY_minicap/src/minicap_34.cpp:394) In Android 34
INFO: (external/MY_minicap/src/minicap_34.cpp:245) Creating SurfaceComposerClient
INFO: (external/MY_minicap/src/minicap_34.cpp:248) Performing SurfaceComposerClient init check
INFO: (external/MY_minicap/src/minicap_34.cpp:259) Creating virtual display
INFO: (external/MY_minicap/src/minicap_34.cpp:266) Creating buffer queue
INFO: (external/MY_minicap/src/minicap_34.cpp:269) Setting buffer options
INFO: (external/MY_minicap/src/minicap_34.cpp:273) Creating CPU consumer
INFO: (external/MY_minicap/src/minicap_34.cpp:277) Creating frame waiter
INFO: (external/MY_minicap/src/minicap_34.cpp:281) Publishing virtual display
PID: 970
INFO: Using projection 1080x2400@1080x2400/0
INFO: (external/MY_minicap/src/minicap_34.cpp:394) In Android 34
INFO: (external/MY_minicap/src/minicap_34.cpp:245) Creating SurfaceComposerClient
INFO: (external/MY_minicap/src/minicap_34.cpp:248) Performing SurfaceComposerClient init check
INFO: (external/MY_minicap/src/minicap_34.cpp:259) Creating virtual display
INFO: (external/MY_minicap/src/minicap_34.cpp:266) Creating buffer queue
INFO: (external/MY_minicap/src/minicap_34.cpp:269) Setting buffer options
INFO: (external/MY_minicap/src/minicap_34.cpp:273) Creating CPU consumer
INFO: (external/MY_minicap/src/minicap_34.cpp:277) Creating frame waiter
INFO: (external/MY_minicap/src/minicap_34.cpp:281) Publishing virtual display
PID: 1104
INFO: Using projection 1080x2400@1080x2400/0
INFO: (external/MY_minicap/src/minicap_34.cpp:394) In Android 34
INFO: (external/MY_minicap/src/minicap_34.cpp:245) Creating SurfaceComposerClient
INFO: (external/MY_minicap/src/minicap_34.cpp:248) Performing SurfaceComposerClient init check
INFO: (external/MY_minicap/src/minicap_34.cpp:259) Creating virtual display
INFO: (external/MY_minicap/src/minicap_34.cpp:266) Creating buffer queue
INFO: (external/MY_minicap/src/minicap_34.cpp:269) Setting buffer options
INFO: (external/MY_minicap/src/minicap_34.cpp:273) Creating CPU consumer
INFO: (external/MY_minicap/src/minicap_34.cpp:277) Creating frame waiter
INFO: (external/MY_minicap/src/minicap_34.cpp:281) Publishing virtual display
PID: 1343
INFO: Using projection 1080x2400@1080x2400/0
INFO: (external/MY_minicap/src/minicap_34.cpp:394) In Android 34
INFO: (external/MY_minicap/src/minicap_34.cpp:245) Creating SurfaceComposerClient
INFO: (external/MY_minicap/src/minicap_34.cpp:248) Performing SurfaceComposerClient init check
INFO: (external/MY_minicap/src/minicap_34.cpp:259) Creating virtual display
INFO: (external/MY_minicap/src/minicap_34.cpp:266) Creating buffer queue
INFO: (external/MY_minicap/src/minicap_34.cpp:269) Setting buffer options
INFO: (external/MY_minicap/src/minicap_34.cpp:273) Creating CPU consumer
INFO: (external/MY_minicap/src/minicap_34.cpp:277) Creating frame waiter
INFO: (external/MY_minicap/src/minicap_34.cpp:281) Publishing virtual display
PID: 1417
INFO: Using projection 1080x2400@1080x2400/0
INFO: (external/MY_minicap/src/minicap_34.cpp:394) In Android 34
INFO: (external/MY_minicap/src/minicap_34.cpp:245) Creating SurfaceComposerClient
INFO: (external/MY_minicap/src/minicap_34.cpp:248) Performing SurfaceComposerClient init check
INFO: (external/MY_minicap/src/minicap_34.cpp:259) Creating virtual display
INFO: (external/MY_minicap/src/minicap_34.cpp:266) Creating buffer queue
INFO: (external/MY_minicap/src/minicap_34.cpp:269) Setting buffer options
INFO: (external/MY_minicap/src/minicap_34.cpp:273) Creating CPU consumer
INFO: (external/MY_minicap/src/minicap_34.cpp:277) Creating frame waiter
INFO: (external/MY_minicap/src/minicap_34.cpp:281) Publishing virtual display
PID: 1444
INFO: Using projection 1080x2400@1080x2400/0
INFO: (external/MY_minicap/src/minicap_34.cpp:394) In Android 34
INFO: (external/MY_minicap/src/minicap_34.cpp:245) Creating SurfaceComposerClient
INFO: (external/MY_minicap/src/minicap_34.cpp:248) Performing SurfaceComposerClient init check
INFO: (external/MY_minicap/src/minicap_34.cpp:259) Creating virtual display
INFO: (external/MY_minicap/src/minicap_34.cpp:266) Creating buffer queue
INFO: (external/MY_minicap/src/minicap_34.cpp:269) Setting buffer options
INFO: (external/MY_minicap/src/minicap_34.cpp:273) Creating CPU consumer
INFO: (external/MY_minicap/src/minicap_34.cpp:277) Creating frame waiter
INFO: (external/MY_minicap/src/minicap_34.cpp:281) Publishing virtual display
PID: 1477
INFO: Using projection 1080x2400@1080x2400/0
INFO: (external/MY_minicap/src/minicap_34.cpp:394) In Android 34
INFO: (external/MY_minicap/src/minicap_34.cpp:245) Creating SurfaceComposerClient
INFO: (external/MY_minicap/src/minicap_34.cpp:248) Performing SurfaceComposerClient init check
INFO: (external/MY_minicap/src/minicap_34.cpp:259) Creating virtual display
INFO: (external/MY_minicap/src/minicap_34.cpp:266) Creating buffer queue
INFO: (external/MY_minicap/src/minicap_34.cpp:269) Setting buffer options
INFO: (external/MY_minicap/src/minicap_34.cpp:273) Creating CPU consumer
INFO: (external/MY_minicap/src/minicap_34.cpp:277) Creating frame waiter
INFO: (external/MY_minicap/src/minicap_34.cpp:281) Publishing virtual display
PID: 1524
INFO: Using projection 1080x2400@1080x2400/0
INFO: (external/MY_minicap/src/minicap_34.cpp:394) In Android 34
INFO: (external/MY_minicap/src/minicap_34.cpp:245) Creating SurfaceComposerClient
INFO: (external/MY_minicap/src/minicap_34.cpp:248) Performing SurfaceComposerClient init check
INFO: (external/MY_minicap/src/minicap_34.cpp:259) Creating virtual display
INFO: (external/MY_minicap/src/minicap_34.cpp:266) Creating buffer queue
INFO: (external/MY_minicap/src/minicap_34.cpp:269) Setting buffer options
INFO: (external/MY_minicap/src/minicap_34.cpp:273) Creating CPU consumer
INFO: (external/MY_minicap/src/minicap_34.cpp:277) Creating frame waiter
INFO: (external/MY_minicap/src/minicap_34.cpp:281) Publishing virtual display
PID: 1541
INFO: Using projection 1080x2400@1080x2400/0
INFO: (external/MY_minicap/src/minicap_34.cpp:394) In Android 34
INFO: (external/MY_minicap/src/minicap_34.cpp:245) Creating SurfaceComposerClient
INFO: (external/MY_minicap/src/minicap_34.cpp:248) Performing SurfaceComposerClient init check
INFO: (external/MY_minicap/src/minicap_34.cpp:259) Creating virtual display
INFO: (external/MY_minicap/src/minicap_34.cpp:266) Creating buffer queue
INFO: (external/MY_minicap/src/minicap_34.cpp:269) Setting buffer options
INFO: (external/MY_minicap/src/minicap_34.cpp:273) Creating CPU consumer
INFO: (external/MY_minicap/src/minicap_34.cpp:277) Creating frame waiter
INFO: (external/MY_minicap/src/minicap_34.cpp:281) Publishing virtual display
PID: 1592
INFO: Using projection 1080x2400@1080x2400/0
INFO: (external/MY_minicap/src/minicap_34.cpp:394) In Android 34
INFO: (external/MY_minicap/src/minicap_34.cpp:245) Creating SurfaceComposerClient
INFO: (external/MY_minicap/src/minicap_34.cpp:248) Performing SurfaceComposerClient init check
INFO: (external/MY_minicap/src/minicap_34.cpp:259) Creating virtual display
INFO: (external/MY_minicap/src/minicap_34.cpp:266) Creating buffer queue
INFO: (external/MY_minicap/src/minicap_34.cpp:269) Setting buffer options
INFO: (external/MY_minicap/src/minicap_34.cpp:273) Creating CPU consumer
INFO: (external/MY_minicap/src/minicap_34.cpp:277) Creating frame waiter
INFO: (external/MY_minicap/src/minicap_34.cpp:281) Publishing virtual display
PID: 1659
INFO: Using projection 1080x2400@1080x2400/0
INFO: (external/MY_minicap/src/minicap_34.cpp:394) In Android 34
INFO: (external/MY_minicap/src/minicap_34.cpp:245) Creating SurfaceComposerClient
INFO: (external/MY_minicap/src/minicap_34.cpp:248) Performing SurfaceComposerClient init check
INFO: (external/MY_minicap/src/minicap_34.cpp:259) Creating virtual display
INFO: (external/MY_minicap/src/minicap_34.cpp:266) Creating buffer queue
INFO: (external/MY_minicap/src/minicap_34.cpp:269) Setting buffer options
INFO: (external/MY_minicap/src/minicap_34.cpp:273) Creating CPU consumer
INFO: (external/MY_minicap/src/minicap_34.cpp:277) Creating frame waiter
INFO: (external/MY_minicap/src/minicap_34.cpp:281) Publishing virtual display
PID: 1683
INFO: Using projection 1080x2400@1080x2400/0
INFO: (external/MY_minicap/src/minicap_34.cpp:394) In Android 34
INFO: (external/MY_minicap/src/minicap_34.cpp:245) Creating SurfaceComposerClient
INFO: (external/MY_minicap/src/minicap_34.cpp:248) Performing SurfaceComposerClient init check
INFO: (external/MY_minicap/src/minicap_34.cpp:259) Creating virtual display
INFO: (external/MY_minicap/src/minicap_34.cpp:266) Creating buffer queue
INFO: (external/MY_minicap/src/minicap_34.cpp:269) Setting buffer options
INFO: (external/MY_minicap/src/minicap_34.cpp:273) Creating CPU consumer
INFO: (external/MY_minicap/src/minicap_34.cpp:277) Creating frame waiter
INFO: (external/MY_minicap/src/minicap_34.cpp:281) Publishing virtual display
PID: 1715
INFO: Using projection 1080x2400@1080x2400/0
INFO: (external/MY_minicap/src/minicap_34.cpp:394) In Android 34
INFO: (external/MY_minicap/src/minicap_34.cpp:245) Creating SurfaceComposerClient
INFO: (external/MY_minicap/src/minicap_34.cpp:248) Performing SurfaceComposerClient init check
INFO: (external/MY_minicap/src/minicap_34.cpp:259) Creating virtual display
INFO: (external/MY_minicap/src/minicap_34.cpp:266) Creating buffer queue
INFO: (external/MY_minicap/src/minicap_34.cpp:269) Setting buffer options
INFO: (external/MY_minicap/src/minicap_34.cpp:273) Creating CPU consumer
INFO: (external/MY_minicap/src/minicap_34.cpp:277) Creating frame waiter
INFO: (external/MY_minicap/src/minicap_34.cpp:281) Publishing virtual display
PID: 1744
INFO: Using projection 1080x2400@1080x2400/0
INFO: (external/MY_minicap/src/minicap_34.cpp:394) In Android 34
INFO: (external/MY_minicap/src/minicap_34.cpp:245) Creating SurfaceComposerClient
INFO: (external/MY_minicap/src/minicap_34.cpp:248) Performing SurfaceComposerClient init check
INFO: (external/MY_minicap/src/minicap_34.cpp:259) Creating virtual display
INFO: (external/MY_minicap/src/minicap_34.cpp:266) Creating buffer queue
INFO: (external/MY_minicap/src/minicap_34.cpp:269) Setting buffer options
INFO: (external/MY_minicap/src/minicap_34.cpp:273) Creating CPU consumer
INFO: (external/MY_minicap/src/minicap_34.cpp:277) Creating frame waiter
INFO: (external/MY_minicap/src/minicap_34.cpp:281) Publishing virtual display
PID: 1921
INFO: Using projection 1080x2400@1080x2400/0
INFO: (external/MY_minicap/src/minicap_34.cpp:394) In Android 34
INFO: (external/MY_minicap/src/minicap_34.cpp:245) Creating SurfaceComposerClient
INFO: (external/MY_minicap/src/minicap_34.cpp:248) Performing SurfaceComposerClient init check
INFO: (external/MY_minicap/src/minicap_34.cpp:259) Creating virtual display
INFO: (external/MY_minicap/src/minicap_34.cpp:266) Creating buffer queue
INFO: (external/MY_minicap/src/minicap_34.cpp:269) Setting buffer options
INFO: (external/MY_minicap/src/minicap_34.cpp:273) Creating CPU consumer
INFO: (external/MY_minicap/src/minicap_34.cpp:277) Creating frame waiter
INFO: (external/MY_minicap/src/minicap_34.cpp:281) Publishing virtual display
PID: 1946
INFO: Using projection 1080x2400@1080x2400/0
INFO: (external/MY_minicap/src/minicap_34.cpp:394) In Android 34
INFO: (external/MY_minicap/src/minicap_34.cpp:245) Creating SurfaceComposerClient
INFO: (external/MY_minicap/src/minicap_34.cpp:248) Performing SurfaceComposerClient init check
INFO: (external/MY_minicap/src/minicap_34.cpp:259) Creating virtual display
INFO: (external/MY_minicap/src/minicap_34.cpp:266) Creating buffer queue
INFO: (external/MY_minicap/src/minicap_34.cpp:269) Setting buffer options
INFO: (external/MY_minicap/src/minicap_34.cpp:273) Creating CPU consumer
INFO: (external/MY_minicap/src/minicap_34.cpp:277) Creating frame waiter
INFO: (external/MY_minicap/src/minicap_34.cpp:281) Publishing virtual display
PID: 1972
INFO: Using projection 1080x2400@1080x2400/0
INFO: (external/MY_minicap/src/minicap_34.cpp:394) In Android 34
INFO: (external/MY_minicap/src/minicap_34.cpp:245) Creating SurfaceComposerClient
INFO: (external/MY_minicap/src/minicap_34.cpp:248) Performing SurfaceComposerClient init check
INFO: (external/MY_minicap/src/minicap_34.cpp:259) Creating virtual display
INFO: (external/MY_minicap/src/minicap_34.cpp:266) Creating buffer queue
INFO: (external/MY_minicap/src/minicap_34.cpp:269) Setting buffer options
INFO: (external/MY_minicap/src/minicap_34.cpp:273) Creating CPU consumer
INFO: (external/MY_minicap/src/minicap_34.cpp:277) Creating frame waiter
INFO: (external/MY_minicap/src/minicap_34.cpp:281) Publishing virtual display
PID: 2063
INFO: Using projection 1080x2400@1080x2400/0
INFO: (external/MY_minicap/src/minicap_34.cpp:394) In Android 34
INFO: (external/MY_minicap/src/minicap_34.cpp:245) Creating SurfaceComposerClient
INFO: (external/MY_minicap/src/minicap_34.cpp:248) Performing SurfaceComposerClient init check
INFO: (external/MY_minicap/src/minicap_34.cpp:259) Creating virtual display
INFO: (external/MY_minicap/src/minicap_34.cpp:266) Creating buffer queue
INFO: (external/MY_minicap/src/minicap_34.cpp:269) Setting buffer options
INFO: (external/MY_minicap/src/minicap_34.cpp:273) Creating CPU consumer
INFO: (external/MY_minicap/src/minicap_34.cpp:277) Creating frame waiter
INFO: (external/MY_minicap/src/minicap_34.cpp:281) Publishing virtual display
PID: 2176
INFO: Using projection 1080x2400@1080x2400/0
INFO: (external/MY_minicap/src/minicap_34.cpp:394) In Android 34
INFO: (external/MY_minicap/src/minicap_34.cpp:245) Creating SurfaceComposerClient
INFO: (external/MY_minicap/src/minicap_34.cpp:248) Performing SurfaceComposerClient init check
INFO: (external/MY_minicap/src/minicap_34.cpp:259) Creating virtual display
INFO: (external/MY_minicap/src/minicap_34.cpp:266) Creating buffer queue
INFO: (external/MY_minicap/src/minicap_34.cpp:269) Setting buffer options
INFO: (external/MY_minicap/src/minicap_34.cpp:273) Creating CPU consumer
INFO: (external/MY_minicap/src/minicap_34.cpp:277) Creating frame waiter
INFO: (external/MY_minicap/src/minicap_34.cpp:281) Publishing virtual display
PID: 2660
INFO: Using projection 1080x2400@1080x2400/0
INFO: (external/MY_minicap/src/minicap_34.cpp:394) In Android 34
INFO: (external/MY_minicap/src/minicap_34.cpp:245) Creating SurfaceComposerClient
INFO: (external/MY_minicap/src/minicap_34.cpp:248) Performing SurfaceComposerClient init check
INFO: (external/MY_minicap/src/minicap_34.cpp:259) Creating virtual display
INFO: (external/MY_minicap/src/minicap_34.cpp:266) Creating buffer queue
INFO: (external/MY_minicap/src/minicap_34.cpp:269) Setting buffer options
INFO: (external/MY_minicap/src/minicap_34.cpp:273) Creating CPU consumer
INFO: (external/MY_minicap/src/minicap_34.cpp:277) Creating frame waiter
INFO: (external/MY_minicap/src/minicap_34.cpp:281) Publishing virtual display
PID: 2835
INFO: Using projection 1080x2400@1080x2400/0
INFO: (external/MY_minicap/src/minicap_34.cpp:394) In Android 34
INFO: (external/MY_minicap/src/minicap_34.cpp:245) Creating SurfaceComposerClient
INFO: (external/MY_minicap/src/minicap_34.cpp:248) Performing SurfaceComposerClient init check
INFO: (external/MY_minicap/src/minicap_34.cpp:259) Creating virtual display
INFO: (external/MY_minicap/src/minicap_34.cpp:266) Creating buffer queue
INFO: (external/MY_minicap/src/minicap_34.cpp:269) Setting buffer options
INFO: (external/MY_minicap/src/minicap_34.cpp:273) Creating CPU consumer
INFO: (external/MY_minicap/src/minicap_34.cpp:277) Creating frame waiter
INFO: (external/MY_minicap/src/minicap_34.cpp:281) Publishing virtual display
PID: 2873
INFO: Using projection 1080x2400@1080x2400/0
INFO: (external/MY_minicap/src/minicap_34.cpp:394) In Android 34
INFO: (external/MY_minicap/src/minicap_34.cpp:245) Creating SurfaceComposerClient
INFO: (external/MY_minicap/src/minicap_34.cpp:248) Performing SurfaceComposerClient init check
INFO: (external/MY_minicap/src/minicap_34.cpp:259) Creating virtual display
INFO: (external/MY_minicap/src/minicap_34.cpp:266) Creating buffer queue
INFO: (external/MY_minicap/src/minicap_34.cpp:269) Setting buffer options
INFO: (external/MY_minicap/src/minicap_34.cpp:273) Creating CPU consumer
INFO: (external/MY_minicap/src/minicap_34.cpp:277) Creating frame waiter
INFO: (external/MY_minicap/src/minicap_34.cpp:281) Publishing virtual display
PID: 2944
INFO: Using projection 1080x2400@1080x2400/0
INFO: (external/MY_minicap/src/minicap_34.cpp:394) In Android 34
INFO: (external/MY_minicap/src/minicap_34.cpp:245) Creating SurfaceComposerClient
INFO: (external/MY_minicap/src/minicap_34.cpp:248) Performing SurfaceComposerClient init check
INFO: (external/MY_minicap/src/minicap_34.cpp:259) Creating virtual display
INFO: (external/MY_minicap/src/minicap_34.cpp:266) Creating buffer queue
INFO: (external/MY_minicap/src/minicap_34.cpp:269) Setting buffer options
INFO: (external/MY_minicap/src/minicap_34.cpp:273) Creating CPU consumer
INFO: (external/MY_minicap/src/minicap_34.cpp:277) Creating frame waiter
INFO: (external/MY_minicap/src/minicap_34.cpp:281) Publishing virtual display
PID: 2966
INFO: Using projection 1080x2400@1080x2400/0
INFO: (external/MY_minicap/src/minicap_34.cpp:394) In Android 34
INFO: (external/MY_minicap/src/minicap_34.cpp:245) Creating SurfaceComposerClient
INFO: (external/MY_minicap/src/minicap_34.cpp:248) Performing SurfaceComposerClient init check
INFO: (external/MY_minicap/src/minicap_34.cpp:259) Creating virtual display
INFO: (external/MY_minicap/src/minicap_34.cpp:266) Creating buffer queue
INFO: (external/MY_minicap/src/minicap_34.cpp:269) Setting buffer options
INFO: (external/MY_minicap/src/minicap_34.cpp:273) Creating CPU consumer
INFO: (external/MY_minicap/src/minicap_34.cpp:277) Creating frame waiter
INFO: (external/MY_minicap/src/minicap_34.cpp:281) Publishing virtual display
PID: 3229
INFO: Using projection 1080x2400@1080x2400/0
INFO: (external/MY_minicap/src/minicap_34.cpp:394) In Android 34
INFO: (external/MY_minicap/src/minicap_34.cpp:245) Creating SurfaceComposerClient
INFO: (external/MY_minicap/src/minicap_34.cpp:248) Performing SurfaceComposerClient init check
INFO: (external/MY_minicap/src/minicap_34.cpp:259) Creating virtual display
INFO: (external/MY_minicap/src/minicap_34.cpp:266) Creating buffer queue
INFO: (external/MY_minicap/src/minicap_34.cpp:269) Setting buffer options
INFO: (external/MY_minicap/src/minicap_34.cpp:273) Creating CPU consumer
INFO: (external/MY_minicap/src/minicap_34.cpp:277) Creating frame waiter
INFO: (external/MY_minicap/src/minicap_34.cpp:281) Publishing virtual display
PID: 3241
INFO: Using projection 1080x2400@1080x2400/0
INFO: (external/MY_minicap/src/minicap_34.cpp:394) In Android 34
INFO: (external/MY_minicap/src/minicap_34.cpp:245) Creating SurfaceComposerClient
INFO: (external/MY_minicap/src/minicap_34.cpp:248) Performing SurfaceComposerClient init check
INFO: (external/MY_minicap/src/minicap_34.cpp:259) Creating virtual display
INFO: (external/MY_minicap/src/minicap_34.cpp:266) Creating buffer queue
INFO: (external/MY_minicap/src/minicap_34.cpp:269) Setting buffer options
INFO: (external/MY_minicap/src/minicap_34.cpp:273) Creating CPU consumer
INFO: (external/MY_minicap/src/minicap_34.cpp:277) Creating frame waiter
INFO: (external/MY_minicap/src/minicap_34.cpp:281) Publishing virtual display
PID: 3254
INFO: Using projection 1080x2400@1080x2400/0
INFO: (external/MY_minicap/src/minicap_34.cpp:394) In Android 34
INFO: (external/MY_minicap/src/minicap_34.cpp:245) Creating SurfaceComposerClient
INFO: (external/MY_minicap/src/minicap_34.cpp:248) Performing SurfaceComposerClient init check
INFO: (external/MY_minicap/src/minicap_34.cpp:259) Creating virtual display
INFO: (external/MY_minicap/src/minicap_34.cpp:266) Creating buffer queue
INFO: (external/MY_minicap/src/minicap_34.cpp:269) Setting buffer options
INFO: (external/MY_minicap/src/minicap_34.cpp:273) Creating CPU consumer
INFO: (external/MY_minicap/src/minicap_34.cpp:277) Creating frame waiter
INFO: (external/MY_minicap/src/minicap_34.cpp:281) Publishing virtual display
PID: 3267
INFO: Using projection 1080x2400@1080x2400/0
INFO: (external/MY_minicap/src/minicap_34.cpp:394) In Android 34
INFO: (external/MY_minicap/src/minicap_34.cpp:245) Creating SurfaceComposerClient
INFO: (external/MY_minicap/src/minicap_34.cpp:248) Performing SurfaceComposerClient init check
INFO: (external/MY_minicap/src/minicap_34.cpp:259) Creating virtual display
INFO: (external/MY_minicap/src/minicap_34.cpp:266) Creating buffer queue
INFO: (external/MY_minicap/src/minicap_34.cpp:269) Setting buffer options
INFO: (external/MY_minicap/src/minicap_34.cpp:273) Creating CPU consumer
INFO: (external/MY_minicap/src/minicap_34.cpp:277) Creating frame waiter
INFO: (external/MY_minicap/src/minicap_34.cpp:281) Publishing virtual display
PID: 3280
INFO: Using projection 1080x2400@1080x2400/0
INFO: (external/MY_minicap/src/minicap_34.cpp:394) In Android 34
INFO: (external/MY_minicap/src/minicap_34.cpp:245) Creating SurfaceComposerClient
INFO: (external/MY_minicap/src/minicap_34.cpp:248) Performing SurfaceComposerClient init check
INFO: (external/MY_minicap/src/minicap_34.cpp:259) Creating virtual display
INFO: (external/MY_minicap/src/minicap_34.cpp:266) Creating buffer queue
INFO: (external/MY_minicap/src/minicap_34.cpp:269) Setting buffer options
INFO: (external/MY_minicap/src/minicap_34.cpp:273) Creating CPU consumer
INFO: (external/MY_minicap/src/minicap_34.cpp:277) Creating frame waiter
INFO: (external/MY_minicap/src/minicap_34.cpp:281) Publishing virtual display
PID: 3338
INFO: Using projection 1080x2400@1080x2400/0
INFO: (external/MY_minicap/src/minicap_34.cpp:394) In Android 34
INFO: (external/MY_minicap/src/minicap_34.cpp:245) Creating SurfaceComposerClient
INFO: (external/MY_minicap/src/minicap_34.cpp:248) Performing SurfaceComposerClient init check
INFO: (external/MY_minicap/src/minicap_34.cpp:259) Creating virtual display
INFO: (external/MY_minicap/src/minicap_34.cpp:266) Creating buffer queue
INFO: (external/MY_minicap/src/minicap_34.cpp:269) Setting buffer options
INFO: (external/MY_minicap/src/minicap_34.cpp:273) Creating CPU consumer
INFO: (external/MY_minicap/src/minicap_34.cpp:277) Creating frame waiter
INFO: (external/MY_minicap/src/minicap_34.cpp:281) Publishing virtual display
PID: 3419
INFO: Using projection 1080x2400@1080x2400/0
INFO: (external/MY_minicap/src/minicap_34.cpp:394) In Android 34
INFO: (external/MY_minicap/src/minicap_34.cpp:245) Creating SurfaceComposerClient
INFO: (external/MY_minicap/src/minicap_34.cpp:248) Performing SurfaceComposerClient init check
INFO: (external/MY_minicap/src/minicap_34.cpp:259) Creating virtual display
INFO: (external/MY_minicap/src/minicap_34.cpp:266) Creating buffer queue
INFO: (external/MY_minicap/src/minicap_34.cpp:269) Setting buffer options
INFO: (external/MY_minicap/src/minicap_34.cpp:273) Creating CPU consumer
INFO: (external/MY_minicap/src/minicap_34.cpp:277) Creating frame waiter
INFO: (external/MY_minicap/src/minicap_34.cpp:281) Publishing virtual display
PID: 3434
INFO: Using projection 1080x2400@1080x2400/0
INFO: (external/MY_minicap/src/minicap_34.cpp:394) In Android 34
INFO: (external/MY_minicap/src/minicap_34.cpp:245) Creating SurfaceComposerClient
INFO: (external/MY_minicap/src/minicap_34.cpp:248) Performing SurfaceComposerClient init check
INFO: (external/MY_minicap/src/minicap_34.cpp:259) Creating virtual display
INFO: (external/MY_minicap/src/minicap_34.cpp:266) Creating buffer queue
INFO: (external/MY_minicap/src/minicap_34.cpp:269) Setting buffer options
INFO: (external/MY_minicap/src/minicap_34.cpp:273) Creating CPU consumer
INFO: (external/MY_minicap/src/minicap_34.cpp:277) Creating frame waiter
INFO: (external/MY_minicap/src/minicap_34.cpp:281) Publishing virtual display
PID: 3449
INFO: Using projection 1080x2400@1080x2400/0
INFO: (external/MY_minicap/src/minicap_34.cpp:394) In Android 34
INFO: (external/MY_minicap/src/minicap_34.cpp:245) Creating SurfaceComposerClient
INFO: (external/MY_minicap/src/minicap_34.cpp:248) Performing SurfaceComposerClient init check
INFO: (external/MY_minicap/src/minicap_34.cpp:259) Creating virtual display
INFO: (external/MY_minicap/src/minicap_34.cpp:266) Creating buffer queue
INFO: (external/MY_minicap/src/minicap_34.cpp:269) Setting buffer options
INFO: (external/MY_minicap/src/minicap_34.cpp:273) Creating CPU consumer
INFO: (external/MY_minicap/src/minicap_34.cpp:277) Creating frame waiter
INFO: (external/MY_minicap/src/minicap_34.cpp:281) Publishing virtual display
PID: 3463
INFO: Using projection 1080x2400@1080x2400/0
INFO: (external/MY_minicap/src/minicap_34.cpp:394) In Android 34
INFO: (external/MY_minicap/src/minicap_34.cpp:245) Creating SurfaceComposerClient
INFO: (external/MY_minicap/src/minicap_34.cpp:248) Performing SurfaceComposerClient init check
INFO: (external/MY_minicap/src/minicap_34.cpp:259) Creating virtual display
INFO: (external/MY_minicap/src/minicap_34.cpp:266) Creating buffer queue
INFO: (external/MY_minicap/src/minicap_34.cpp:269) Setting buffer options
INFO: (external/MY_minicap/src/minicap_34.cpp:273) Creating CPU consumer
INFO: (external/MY_minicap/src/minicap_34.cpp:277) Creating frame waiter
INFO: (external/MY_minicap/src/minicap_34.cpp:281) Publishing virtual display
PID: 3489
INFO: Using projection 1080x2400@1080x2400/0
INFO: (external/MY_minicap/src/minicap_34.cpp:394) In Android 34
INFO: (external/MY_minicap/src/minicap_34.cpp:245) Creating SurfaceComposerClient
INFO: (external/MY_minicap/src/minicap_34.cpp:248) Performing SurfaceComposerClient init check
INFO: (external/MY_minicap/src/minicap_34.cpp:259) Creating virtual display
INFO: (external/MY_minicap/src/minicap_34.cpp:266) Creating buffer queue
INFO: (external/MY_minicap/src/minicap_34.cpp:269) Setting buffer options
INFO: (external/MY_minicap/src/minicap_34.cpp:273) Creating CPU consumer
INFO: (external/MY_minicap/src/minicap_34.cpp:277) Creating frame waiter
INFO: (external/MY_minicap/src/minicap_34.cpp:281) Publishing virtual display
PID: 3588
INFO: Using projection 1080x2400@1080x2400/0
INFO: (external/MY_minicap/src/minicap_34.cpp:394) In Android 34
INFO: (external/MY_minicap/src/minicap_34.cpp:245) Creating SurfaceComposerClient
INFO: (external/MY_minicap/src/minicap_34.cpp:248) Performing SurfaceComposerClient init check
INFO: (external/MY_minicap/src/minicap_34.cpp:259) Creating virtual display
INFO: (external/MY_minicap/src/minicap_34.cpp:266) Creating buffer queue
INFO: (external/MY_minicap/src/minicap_34.cpp:269) Setting buffer options
INFO: (external/MY_minicap/src/minicap_34.cpp:273) Creating CPU consumer
INFO: (external/MY_minicap/src/minicap_34.cpp:277) Creating frame waiter
INFO: (external/MY_minicap/src/minicap_34.cpp:281) Publishing virtual display
PID: 3601
INFO: Using projection 1080x2400@1080x2400/0
INFO: (external/MY_minicap/src/minicap_34.cpp:394) In Android 34
INFO: (external/MY_minicap/src/minicap_34.cpp:245) Creating SurfaceComposerClient
INFO: (external/MY_minicap/src/minicap_34.cpp:248) Performing SurfaceComposerClient init check
INFO: (external/MY_minicap/src/minicap_34.cpp:259) Creating virtual display
INFO: (external/MY_minicap/src/minicap_34.cpp:266) Creating buffer queue
INFO: (external/MY_minicap/src/minicap_34.cpp:269) Setting buffer options
INFO: (external/MY_minicap/src/minicap_34.cpp:273) Creating CPU consumer
INFO: (external/MY_minicap/src/minicap_34.cpp:277) Creating frame waiter
INFO: (external/MY_minicap/src/minicap_34.cpp:281) Publishing virtual display
PID: 3959
INFO: Using projection 1080x2400@1080x2400/0
INFO: (external/MY_minicap/src/minicap_34.cpp:394) In Android 34
INFO: (external/MY_minicap/src/minicap_34.cpp:245) Creating SurfaceComposerClient
INFO: (external/MY_minicap/src/minicap_34.cpp:248) Performing SurfaceComposerClient init check
INFO: (external/MY_minicap/src/minicap_34.cpp:259) Creating virtual display
INFO: (external/MY_minicap/src/minicap_34.cpp:266) Creating buffer queue
INFO: (external/MY_minicap/src/minicap_34.cpp:269) Setting buffer options
INFO: (external/MY_minicap/src/minicap_34.cpp:273) Creating CPU consumer
INFO: (external/MY_minicap/src/minicap_34.cpp:277) Creating frame waiter
INFO: (external/MY_minicap/src/minicap_34.cpp:281) Publishing virtual display
PID: 4318
INFO: Using projection 1080x2400@1080x2400/0
INFO: (external/MY_minicap/src/minicap_34.cpp:394) In Android 34
INFO: (external/MY_minicap/src/minicap_34.cpp:245) Creating SurfaceComposerClient
INFO: (external/MY_minicap/src/minicap_34.cpp:248) Performing SurfaceComposerClient init check
INFO: (external/MY_minicap/src/minicap_34.cpp:259) Creating virtual display
INFO: (external/MY_minicap/src/minicap_34.cpp:266) Creating buffer queue
INFO: (external/MY_minicap/src/minicap_34.cpp:269) Setting buffer options
INFO: (external/MY_minicap/src/minicap_34.cpp:273) Creating CPU consumer
INFO: (external/MY_minicap/src/minicap_34.cpp:277) Creating frame waiter
INFO: (external/MY_minicap/src/minicap_34.cpp:281) Publishing virtual display
PID: 4408
INFO: Using projection 1080x2400@1080x2400/0
INFO: (external/MY_minicap/src/minicap_34.cpp:394) In Android 34
INFO: (external/MY_minicap/src/minicap_34.cpp:245) Creating SurfaceComposerClient
INFO: (external/MY_minicap/src/minicap_34.cpp:248) Performing SurfaceComposerClient init check
INFO: (external/MY_minicap/src/minicap_34.cpp:259) Creating virtual display
INFO: (external/MY_minicap/src/minicap_34.cpp:266) Creating buffer queue
INFO: (external/MY_minicap/src/minicap_34.cpp:269) Setting buffer options
INFO: (external/MY_minicap/src/minicap_34.cpp:273) Creating CPU consumer
INFO: (external/MY_minicap/src/minicap_34.cpp:277) Creating frame waiter
INFO: (external/MY_minicap/src/minicap_34.cpp:281) Publishing virtual display
PID: 4432
INFO: Using projection 1080x2400@1080x2400/0
INFO: (external/MY_minicap/src/minicap_34.cpp:394) In Android 34
INFO: (external/MY_minicap/src/minicap_34.cpp:245) Creating SurfaceComposerClient
INFO: (external/MY_minicap/src/minicap_34.cpp:248) Performing SurfaceComposerClient init check
INFO: (external/MY_minicap/src/minicap_34.cpp:259) Creating virtual display
INFO: (external/MY_minicap/src/minicap_34.cpp:266) Creating buffer queue
INFO: (external/MY_minicap/src/minicap_34.cpp:269) Setting buffer options
INFO: (external/MY_minicap/src/minicap_34.cpp:273) Creating CPU consumer
INFO: (external/MY_minicap/src/minicap_34.cpp:277) Creating frame waiter
INFO: (external/MY_minicap/src/minicap_34.cpp:281) Publishing virtual display
PID: 4456
INFO: Using projection 1080x2400@1080x2400/0
INFO: (external/MY_minicap/src/minicap_34.cpp:394) In Android 34
INFO: (external/MY_minicap/src/minicap_34.cpp:245) Creating SurfaceComposerClient
INFO: (external/MY_minicap/src/minicap_34.cpp:248) Performing SurfaceComposerClient init check
INFO: (external/MY_minicap/src/minicap_34.cpp:259) Creating virtual display
INFO: (external/MY_minicap/src/minicap_34.cpp:266) Creating buffer queue
INFO: (external/MY_minicap/src/minicap_34.cpp:269) Setting buffer options
INFO: (external/MY_minicap/src/minicap_34.cpp:273) Creating CPU consumer
INFO: (external/MY_minicap/src/minicap_34.cpp:277) Creating frame waiter
INFO: (external/MY_minicap/src/minicap_34.cpp:281) Publishing virtual display
PID: 4479
INFO: Using projection 1080x2400@1080x2400/0
INFO: (external/MY_minicap/src/minicap_34.cpp:394) In Android 34
INFO: (external/MY_minicap/src/minicap_34.cpp:245) Creating SurfaceComposerClient
INFO: (external/MY_minicap/src/minicap_34.cpp:248) Performing SurfaceComposerClient init check
INFO: (external/MY_minicap/src/minicap_34.cpp:259) Creating virtual display
INFO: (external/MY_minicap/src/minicap_34.cpp:266) Creating buffer queue
INFO: (external/MY_minicap/src/minicap_34.cpp:269) Setting buffer options
INFO: (external/MY_minicap/src/minicap_34.cpp:273) Creating CPU consumer
INFO: (external/MY_minicap/src/minicap_34.cpp:277) Creating frame waiter
INFO: (external/MY_minicap/src/minicap_34.cpp:281) Publishing virtual display
PID: 4501
INFO: Using projection 1080x2400@1080x2400/0
INFO: (external/MY_minicap/src/minicap_34.cpp:394) In Android 34
INFO: (external/MY_minicap/src/minicap_34.cpp:245) Creating SurfaceComposerClient
INFO: (external/MY_minicap/src/minicap_34.cpp:248) Performing SurfaceComposerClient init check
INFO: (external/MY_minicap/src/minicap_34.cpp:259) Creating virtual display
INFO: (external/MY_minicap/src/minicap_34.cpp:266) Creating buffer queue
INFO: (external/MY_minicap/src/minicap_34.cpp:269) Setting buffer options
INFO: (external/MY_minicap/src/minicap_34.cpp:273) Creating CPU consumer
INFO: (external/MY_minicap/src/minicap_34.cpp:277) Creating frame waiter
INFO: (external/MY_minicap/src/minicap_34.cpp:281) Publishing virtual display
PID: 4520
INFO: Using projection 1080x2400@1080x2400/0
INFO: (external/MY_minicap/src/minicap_34.cpp:394) In Android 34
INFO: (external/MY_minicap/src/minicap_34.cpp:245) Creating SurfaceComposerClient
INFO: (external/MY_minicap/src/minicap_34.cpp:248) Performing SurfaceComposerClient init check
INFO: (external/MY_minicap/src/minicap_34.cpp:259) Creating virtual display
INFO: (external/MY_minicap/src/minicap_34.cpp:266) Creating buffer queue
INFO: (external/MY_minicap/src/minicap_34.cpp:269) Setting buffer options
INFO: (external/MY_minicap/src/minicap_34.cpp:273) Creating CPU consumer
INFO: (external/MY_minicap/src/minicap_34.cpp:277) Creating frame waiter
INFO: (external/MY_minicap/src/minicap_34.cpp:281) Publishing virtual display
PID: 4560
INFO: Using projection 1080x2400@1080x2400/0
INFO: (external/MY_minicap/src/minicap_34.cpp:394) In Android 34
INFO: (external/MY_minicap/src/minicap_34.cpp:245) Creating SurfaceComposerClient
INFO: (external/MY_minicap/src/minicap_34.cpp:248) Performing SurfaceComposerClient init check
INFO: (external/MY_minicap/src/minicap_34.cpp:259) Creating virtual display
INFO: (external/MY_minicap/src/minicap_34.cpp:266) Creating buffer queue
INFO: (external/MY_minicap/src/minicap_34.cpp:269) Setting buffer options
INFO: (external/MY_minicap/src/minicap_34.cpp:273) Creating CPU consumer
INFO: (external/MY_minicap/src/minicap_34.cpp:277) Creating frame waiter
INFO: (external/MY_minicap/src/minicap_34.cpp:281) Publishing virtual display
PID: 4591
INFO: Using projection 1080x2400@1080x2400/0
INFO: (external/MY_minicap/src/minicap_34.cpp:394) In Android 34
INFO: (external/MY_minicap/src/minicap_34.cpp:245) Creating SurfaceComposerClient
INFO: (external/MY_minicap/src/minicap_34.cpp:248) Performing SurfaceComposerClient init check
INFO: (external/MY_minicap/src/minicap_34.cpp:259) Creating virtual display
INFO: (external/MY_minicap/src/minicap_34.cpp:266) Creating buffer queue
INFO: (external/MY_minicap/src/minicap_34.cpp:269) Setting buffer options
INFO: (external/MY_minicap/src/minicap_34.cpp:273) Creating CPU consumer
INFO: (external/MY_minicap/src/minicap_34.cpp:277) Creating frame waiter
INFO: (external/MY_minicap/src/minicap_34.cpp:281) Publishing virtual display
PID: 4624
INFO: Using projection 1080x2400@1080x2400/0
INFO: (external/MY_minicap/src/minicap_34.cpp:394) In Android 34
INFO: (external/MY_minicap/src/minicap_34.cpp:245) Creating SurfaceComposerClient
INFO: (external/MY_minicap/src/minicap_34.cpp:248) Performing SurfaceComposerClient init check
INFO: (external/MY_minicap/src/minicap_34.cpp:259) Creating virtual display
INFO: (external/MY_minicap/src/minicap_34.cpp:266) Creating buffer queue
INFO: (external/MY_minicap/src/minicap_34.cpp:269) Setting buffer options
INFO: (external/MY_minicap/src/minicap_34.cpp:273) Creating CPU consumer
INFO: (external/MY_minicap/src/minicap_34.cpp:277) Creating frame waiter
INFO: (external/MY_minicap/src/minicap_34.cpp:281) Publishing virtual display
PID: 4643
INFO: Using projection 1080x2400@1080x2400/0
INFO: (external/MY_minicap/src/minicap_34.cpp:394) In Android 34
INFO: (external/MY_minicap/src/minicap_34.cpp:245) Creating SurfaceComposerClient
INFO: (external/MY_minicap/src/minicap_34.cpp:248) Performing SurfaceComposerClient init check
INFO: (external/MY_minicap/src/minicap_34.cpp:259) Creating virtual display
INFO: (external/MY_minicap/src/minicap_34.cpp:266) Creating buffer queue
INFO: (external/MY_minicap/src/minicap_34.cpp:269) Setting buffer options
INFO: (external/MY_minicap/src/minicap_34.cpp:273) Creating CPU consumer
INFO: (external/MY_minicap/src/minicap_34.cpp:277) Creating frame waiter
INFO: (external/MY_minicap/src/minicap_34.cpp:281) Publishing virtual display
PID: 4669
INFO: Using projection 1080x2400@1080x2400/0
INFO: (external/MY_minicap/src/minicap_34.cpp:394) In Android 34
INFO: (external/MY_minicap/src/minicap_34.cpp:245) Creating SurfaceComposerClient
INFO: (external/MY_minicap/src/minicap_34.cpp:248) Performing SurfaceComposerClient init check
INFO: (external/MY_minicap/src/minicap_34.cpp:259) Creating virtual display
INFO: (external/MY_minicap/src/minicap_34.cpp:266) Creating buffer queue
INFO: (external/MY_minicap/src/minicap_34.cpp:269) Setting buffer options
INFO: (external/MY_minicap/src/minicap_34.cpp:273) Creating CPU consumer
INFO: (external/MY_minicap/src/minicap_34.cpp:277) Creating frame waiter
INFO: (external/MY_minicap/src/minicap_34.cpp:281) Publishing virtual display
PID: 4707
INFO: Using projection 1080x2400@1080x2400/0
INFO: (external/MY_minicap/src/minicap_34.cpp:394) In Android 34
INFO: (external/MY_minicap/src/minicap_34.cpp:245) Creating SurfaceComposerClient
INFO: (external/MY_minicap/src/minicap_34.cpp:248) Performing SurfaceComposerClient init check
INFO: (external/MY_minicap/src/minicap_34.cpp:259) Creating virtual display
INFO: (external/MY_minicap/src/minicap_34.cpp:266) Creating buffer queue
INFO: (external/MY_minicap/src/minicap_34.cpp:269) Setting buffer options
INFO: (external/MY_minicap/src/minicap_34.cpp:273) Creating CPU consumer
INFO: (external/MY_minicap/src/minicap_34.cpp:277) Creating frame waiter
INFO: (external/MY_minicap/src/minicap_34.cpp:281) Publishing virtual display
PID: 4748
INFO: Using projection 1080x2400@1080x2400/0
INFO: (external/MY_minicap/src/minicap_34.cpp:394) In Android 34
INFO: (external/MY_minicap/src/minicap_34.cpp:245) Creating SurfaceComposerClient
INFO: (external/MY_minicap/src/minicap_34.cpp:248) Performing SurfaceComposerClient init check
INFO: (external/MY_minicap/src/minicap_34.cpp:259) Creating virtual display
INFO: (external/MY_minicap/src/minicap_34.cpp:266) Creating buffer queue
INFO: (external/MY_minicap/src/minicap_34.cpp:269) Setting buffer options
INFO: (external/MY_minicap/src/minicap_34.cpp:273) Creating CPU consumer
INFO: (external/MY_minicap/src/minicap_34.cpp:277) Creating frame waiter
INFO: (external/MY_minicap/src/minicap_34.cpp:281) Publishing virtual display
PID: 4771
INFO: Using projection 1080x2400@1080x2400/0
INFO: (external/MY_minicap/src/minicap_34.cpp:394) In Android 34
INFO: (external/MY_minicap/src/minicap_34.cpp:245) Creating SurfaceComposerClient
INFO: (external/MY_minicap/src/minicap_34.cpp:248) Performing SurfaceComposerClient init check
INFO: (external/MY_minicap/src/minicap_34.cpp:259) Creating virtual display
INFO: (external/MY_minicap/src/minicap_34.cpp:266) Creating buffer queue
INFO: (external/MY_minicap/src/minicap_34.cpp:269) Setting buffer options
INFO: (external/MY_minicap/src/minicap_34.cpp:273) Creating CPU consumer
INFO: (external/MY_minicap/src/minicap_34.cpp:277) Creating frame waiter
INFO: (external/MY_minicap/src/minicap_34.cpp:281) Publishing virtual display
PID: 4795
INFO: Using projection 1080x2400@1080x2400/0
INFO: (external/MY_minicap/src/minicap_34.cpp:394) In Android 34
INFO: (external/MY_minicap/src/minicap_34.cpp:245) Creating SurfaceComposerClient
INFO: (external/MY_minicap/src/minicap_34.cpp:248) Performing SurfaceComposerClient init check
INFO: (external/MY_minicap/src/minicap_34.cpp:259) Creating virtual display
INFO: (external/MY_minicap/src/minicap_34.cpp:266) Creating buffer queue
INFO: (external/MY_minicap/src/minicap_34.cpp:269) Setting buffer options
INFO: (external/MY_minicap/src/minicap_34.cpp:273) Creating CPU consumer
INFO: (external/MY_minicap/src/minicap_34.cpp:277) Creating frame waiter
INFO: (external/MY_minicap/src/minicap_34.cpp:281) Publishing virtual display
PID: 4817
INFO: Using projection 1080x2400@1080x2400/0
INFO: (external/MY_minicap/src/minicap_34.cpp:394) In Android 34
INFO: (external/MY_minicap/src/minicap_34.cpp:245) Creating SurfaceComposerClient
INFO: (external/MY_minicap/src/minicap_34.cpp:248) Performing SurfaceComposerClient init check
INFO: (external/MY_minicap/src/minicap_34.cpp:259) Creating virtual display
INFO: (external/MY_minicap/src/minicap_34.cpp:266) Creating buffer queue
INFO: (external/MY_minicap/src/minicap_34.cpp:269) Setting buffer options
INFO: (external/MY_minicap/src/minicap_34.cpp:273) Creating CPU consumer
INFO: (external/MY_minicap/src/minicap_34.cpp:277) Creating frame waiter
INFO: (external/MY_minicap/src/minicap_34.cpp:281) Publishing virtual display
PID: 4842
INFO: Using projection 1080x2400@1080x2400/0
INFO: (external/MY_minicap/src/minicap_34.cpp:394) In Android 34
INFO: (external/MY_minicap/src/minicap_34.cpp:245) Creating SurfaceComposerClient
INFO: (external/MY_minicap/src/minicap_34.cpp:248) Performing SurfaceComposerClient init check
INFO: (external/MY_minicap/src/minicap_34.cpp:259) Creating virtual display
INFO: (external/MY_minicap/src/minicap_34.cpp:266) Creating buffer queue
INFO: (external/MY_minicap/src/minicap_34.cpp:269) Setting buffer options
INFO: (external/MY_minicap/src/minicap_34.cpp:273) Creating CPU consumer
INFO: (external/MY_minicap/src/minicap_34.cpp:277) Creating frame waiter
INFO: (external/MY_minicap/src/minicap_34.cpp:281) Publishing virtual display
PID: 4920
INFO: Using projection 1080x2400@1080x2400/0
INFO: (external/MY_minicap/src/minicap_34.cpp:394) In Android 34
INFO: (external/MY_minicap/src/minicap_34.cpp:245) Creating SurfaceComposerClient
INFO: (external/MY_minicap/src/minicap_34.cpp:248) Performing SurfaceComposerClient init check
INFO: (external/MY_minicap/src/minicap_34.cpp:259) Creating virtual display
INFO: (external/MY_minicap/src/minicap_34.cpp:266) Creating buffer queue
INFO: (external/MY_minicap/src/minicap_34.cpp:269) Setting buffer options
INFO: (external/MY_minicap/src/minicap_34.cpp:273) Creating CPU consumer
INFO: (external/MY_minicap/src/minicap_34.cpp:277) Creating frame waiter
INFO: (external/MY_minicap/src/minicap_34.cpp:281) Publishing virtual display
PID: 5239
INFO: Using projection 1080x2400@1080x2400/0
INFO: (external/MY_minicap/src/minicap_34.cpp:394) In Android 34
INFO: (external/MY_minicap/src/minicap_34.cpp:245) Creating SurfaceComposerClient
INFO: (external/MY_minicap/src/minicap_34.cpp:248) Performing SurfaceComposerClient init check
INFO: (external/MY_minicap/src/minicap_34.cpp:259) Creating virtual display
INFO: (external/MY_minicap/src/minicap_34.cpp:266) Creating buffer queue
INFO: (external/MY_minicap/src/minicap_34.cpp:269) Setting buffer options
INFO: (external/MY_minicap/src/minicap_34.cpp:273) Creating CPU consumer
INFO: (external/MY_minicap/src/minicap_34.cpp:277) Creating frame waiter
INFO: (external/MY_minicap/src/minicap_34.cpp:281) Publishing virtual display
PID: 5369
INFO: Using projection 1080x2400@1080x2400/0
INFO: (external/MY_minicap/src/minicap_34.cpp:394) In Android 34
INFO: (external/MY_minicap/src/minicap_34.cpp:245) Creating SurfaceComposerClient
INFO: (external/MY_minicap/src/minicap_34.cpp:248) Performing SurfaceComposerClient init check
INFO: (external/MY_minicap/src/minicap_34.cpp:259) Creating virtual display
INFO: (external/MY_minicap/src/minicap_34.cpp:266) Creating buffer queue
INFO: (external/MY_minicap/src/minicap_34.cpp:269) Setting buffer options
INFO: (external/MY_minicap/src/minicap_34.cpp:273) Creating CPU consumer
INFO: (external/MY_minicap/src/minicap_34.cpp:277) Creating frame waiter
INFO: (external/MY_minicap/src/minicap_34.cpp:281) Publishing virtual display
PID: 5399
INFO: Using projection 1080x2400@1080x2400/0
INFO: (external/MY_minicap/src/minicap_34.cpp:394) In Android 34
INFO: (external/MY_minicap/src/minicap_34.cpp:245) Creating SurfaceComposerClient
INFO: (external/MY_minicap/src/minicap_34.cpp:248) Performing SurfaceComposerClient init check
INFO: (external/MY_minicap/src/minicap_34.cpp:259) Creating virtual display
INFO: (external/MY_minicap/src/minicap_34.cpp:266) Creating buffer queue
INFO: (external/MY_minicap/src/minicap_34.cpp:269) Setting buffer options
INFO: (external/MY_minicap/src/minicap_34.cpp:273) Creating CPU consumer
INFO: (external/MY_minicap/src/minicap_34.cpp:277) Creating frame waiter
INFO: (external/MY_minicap/src/minicap_34.cpp:281) Publishing virtual display
PID: 5421
INFO: Using projection 1080x2400@1080x2400/0
INFO: (external/MY_minicap/src/minicap_34.cpp:394) In Android 34
INFO: (external/MY_minicap/src/minicap_34.cpp:245) Creating SurfaceComposerClient
INFO: (external/MY_minicap/src/minicap_34.cpp:248) Performing SurfaceComposerClient init check
INFO: (external/MY_minicap/src/minicap_34.cpp:259) Creating virtual display
INFO: (external/MY_minicap/src/minicap_34.cpp:266) Creating buffer queue
INFO: (external/MY_minicap/src/minicap_34.cpp:269) Setting buffer options
INFO: (external/MY_minicap/src/minicap_34.cpp:273) Creating CPU consumer
INFO: (external/MY_minicap/src/minicap_34.cpp:277) Creating frame waiter
INFO: (external/MY_minicap/src/minicap_34.cpp:281) Publishing virtual display
PID: 5487
INFO: Using projection 1080x2400@1080x2400/0
INFO: (external/MY_minicap/src/minicap_34.cpp:394) In Android 34
INFO: (external/MY_minicap/src/minicap_34.cpp:245) Creating SurfaceComposerClient
INFO: (external/MY_minicap/src/minicap_34.cpp:248) Performing SurfaceComposerClient init check
INFO: (external/MY_minicap/src/minicap_34.cpp:259) Creating virtual display
INFO: (external/MY_minicap/src/minicap_34.cpp:266) Creating buffer queue
INFO: (external/MY_minicap/src/minicap_34.cpp:269) Setting buffer options
INFO: (external/MY_minicap/src/minicap_34.cpp:273) Creating CPU consumer
INFO: (external/MY_minicap/src/minicap_34.cpp:277) Creating frame waiter
INFO: (external/MY_minicap/src/minicap_34.cpp:281) Publishing virtual display
PID: 5510
INFO: Using projection 1080x2400@1080x2400/0
INFO: (external/MY_minicap/src/minicap_34.cpp:394) In Android 34
INFO: (external/MY_minicap/src/minicap_34.cpp:245) Creating SurfaceComposerClient
INFO: (external/MY_minicap/src/minicap_34.cpp:248) Performing SurfaceComposerClient init check
INFO: (external/MY_minicap/src/minicap_34.cpp:259) Creating virtual display
INFO: (external/MY_minicap/src/minicap_34.cpp:266) Creating buffer queue
INFO: (external/MY_minicap/src/minicap_34.cpp:269) Setting buffer options
INFO: (external/MY_minicap/src/minicap_34.cpp:273) Creating CPU consumer
INFO: (external/MY_minicap/src/minicap_34.cpp:277) Creating frame waiter
INFO: (external/MY_minicap/src/minicap_34.cpp:281) Publishing virtual display
PID: 5533
INFO: Using projection 1080x2400@1080x2400/0
INFO: (external/MY_minicap/src/minicap_34.cpp:394) In Android 34
INFO: (external/MY_minicap/src/minicap_34.cpp:245) Creating SurfaceComposerClient
INFO: (external/MY_minicap/src/minicap_34.cpp:248) Performing SurfaceComposerClient init check
INFO: (external/MY_minicap/src/minicap_34.cpp:259) Creating virtual display
INFO: (external/MY_minicap/src/minicap_34.cpp:266) Creating buffer queue
INFO: (external/MY_minicap/src/minicap_34.cpp:269) Setting buffer options
INFO: (external/MY_minicap/src/minicap_34.cpp:273) Creating CPU consumer
INFO: (external/MY_minicap/src/minicap_34.cpp:277) Creating frame waiter
INFO: (external/MY_minicap/src/minicap_34.cpp:281) Publishing virtual display
PID: 5554
INFO: Using projection 1080x2400@1080x2400/0
INFO: (external/MY_minicap/src/minicap_34.cpp:394) In Android 34
INFO: (external/MY_minicap/src/minicap_34.cpp:245) Creating SurfaceComposerClient
INFO: (external/MY_minicap/src/minicap_34.cpp:248) Performing SurfaceComposerClient init check
INFO: (external/MY_minicap/src/minicap_34.cpp:259) Creating virtual display
INFO: (external/MY_minicap/src/minicap_34.cpp:266) Creating buffer queue
INFO: (external/MY_minicap/src/minicap_34.cpp:269) Setting buffer options
INFO: (external/MY_minicap/src/minicap_34.cpp:273) Creating CPU consumer
INFO: (external/MY_minicap/src/minicap_34.cpp:277) Creating frame waiter
INFO: (external/MY_minicap/src/minicap_34.cpp:281) Publishing virtual display
PID: 5596
INFO: Using projection 1080x2400@1080x2400/0
INFO: (external/MY_minicap/src/minicap_34.cpp:394) In Android 34
INFO: (external/MY_minicap/src/minicap_34.cpp:245) Creating SurfaceComposerClient
INFO: (external/MY_minicap/src/minicap_34.cpp:248) Performing SurfaceComposerClient init check
INFO: (external/MY_minicap/src/minicap_34.cpp:259) Creating virtual display
INFO: (external/MY_minicap/src/minicap_34.cpp:266) Creating buffer queue
INFO: (external/MY_minicap/src/minicap_34.cpp:269) Setting buffer options
INFO: (external/MY_minicap/src/minicap_34.cpp:273) Creating CPU consumer
INFO: (external/MY_minicap/src/minicap_34.cpp:277) Creating frame waiter
INFO: (external/MY_minicap/src/minicap_34.cpp:281) Publishing virtual display
PID: 5682
INFO: Using projection 1080x2400@1080x2400/0
INFO: (external/MY_minicap/src/minicap_34.cpp:394) In Android 34
INFO: (external/MY_minicap/src/minicap_34.cpp:245) Creating SurfaceComposerClient
INFO: (external/MY_minicap/src/minicap_34.cpp:248) Performing SurfaceComposerClient init check
INFO: (external/MY_minicap/src/minicap_34.cpp:259) Creating virtual display
INFO: (external/MY_minicap/src/minicap_34.cpp:266) Creating buffer queue
INFO: (external/MY_minicap/src/minicap_34.cpp:269) Setting buffer options
INFO: (external/MY_minicap/src/minicap_34.cpp:273) Creating CPU consumer
INFO: (external/MY_minicap/src/minicap_34.cpp:277) Creating frame waiter
INFO: (external/MY_minicap/src/minicap_34.cpp:281) Publishing virtual display
PID: 5711
INFO: Using projection 1080x2400@1080x2400/0
INFO: (external/MY_minicap/src/minicap_34.cpp:394) In Android 34
INFO: (external/MY_minicap/src/minicap_34.cpp:245) Creating SurfaceComposerClient
INFO: (external/MY_minicap/src/minicap_34.cpp:248) Performing SurfaceComposerClient init check
INFO: (external/MY_minicap/src/minicap_34.cpp:259) Creating virtual display
INFO: (external/MY_minicap/src/minicap_34.cpp:266) Creating buffer queue
INFO: (external/MY_minicap/src/minicap_34.cpp:269) Setting buffer options
INFO: (external/MY_minicap/src/minicap_34.cpp:273) Creating CPU consumer
INFO: (external/MY_minicap/src/minicap_34.cpp:277) Creating frame waiter
INFO: (external/MY_minicap/src/minicap_34.cpp:281) Publishing virtual display
PID: 5736
INFO: Using projection 1080x2400@1080x2400/0
INFO: (external/MY_minicap/src/minicap_34.cpp:394) In Android 34
INFO: (external/MY_minicap/src/minicap_34.cpp:245) Creating SurfaceComposerClient
INFO: (external/MY_minicap/src/minicap_34.cpp:248) Performing SurfaceComposerClient init check
INFO: (external/MY_minicap/src/minicap_34.cpp:259) Creating virtual display
INFO: (external/MY_minicap/src/minicap_34.cpp:266) Creating buffer queue
INFO: (external/MY_minicap/src/minicap_34.cpp:269) Setting buffer options
INFO: (external/MY_minicap/src/minicap_34.cpp:273) Creating CPU consumer
INFO: (external/MY_minicap/src/minicap_34.cpp:277) Creating frame waiter
INFO: (external/MY_minicap/src/minicap_34.cpp:281) Publishing virtual display
PID: 6168
INFO: Using projection 1080x2400@1080x2400/0
INFO: (external/MY_minicap/src/minicap_34.cpp:394) In Android 34
INFO: (external/MY_minicap/src/minicap_34.cpp:245) Creating SurfaceComposerClient
INFO: (external/MY_minicap/src/minicap_34.cpp:248) Performing SurfaceComposerClient init check
INFO: (external/MY_minicap/src/minicap_34.cpp:259) Creating virtual display
INFO: (external/MY_minicap/src/minicap_34.cpp:266) Creating buffer queue
INFO: (external/MY_minicap/src/minicap_34.cpp:269) Setting buffer options
INFO: (external/MY_minicap/src/minicap_34.cpp:273) Creating CPU consumer
INFO: (external/MY_minicap/src/minicap_34.cpp:277) Creating frame waiter
INFO: (external/MY_minicap/src/minicap_34.cpp:281) Publishing virtual display
PID: 6505
INFO: Using projection 1080x2400@1080x2400/0
INFO: (external/MY_minicap/src/minicap_34.cpp:394) In Android 34
INFO: (external/MY_minicap/src/minicap_34.cpp:245) Creating SurfaceComposerClient
INFO: (external/MY_minicap/src/minicap_34.cpp:248) Performing SurfaceComposerClient init check
INFO: (external/MY_minicap/src/minicap_34.cpp:259) Creating virtual display
INFO: (external/MY_minicap/src/minicap_34.cpp:266) Creating buffer queue
INFO: (external/MY_minicap/src/minicap_34.cpp:269) Setting buffer options
INFO: (external/MY_minicap/src/minicap_34.cpp:273) Creating CPU consumer
INFO: (external/MY_minicap/src/minicap_34.cpp:277) Creating frame waiter
INFO: (external/MY_minicap/src/minicap_34.cpp:281) Publishing virtual display
PID: 7146
INFO: Using projection 1080x2400@1080x2400/0
INFO: (external/MY_minicap/src/minicap_34.cpp:394) In Android 34
INFO: (external/MY_minicap/src/minicap_34.cpp:245) Creating SurfaceComposerClient
INFO: (external/MY_minicap/src/minicap_34.cpp:248) Performing SurfaceComposerClient init check
INFO: (external/MY_minicap/src/minicap_34.cpp:259) Creating virtual display
INFO: (external/MY_minicap/src/minicap_34.cpp:266) Creating buffer queue
INFO: (external/MY_minicap/src/minicap_34.cpp:269) Setting buffer options
INFO: (external/MY_minicap/src/minicap_34.cpp:273) Creating CPU consumer
INFO: (external/MY_minicap/src/minicap_34.cpp:277) Creating frame waiter
INFO: (external/MY_minicap/src/minicap_34.cpp:281) Publishing virtual display
PID: 7415
INFO: Using projection 1080x2400@1080x2400/0
INFO: (external/MY_minicap/src/minicap_34.cpp:394) In Android 34
INFO: (external/MY_minicap/src/minicap_34.cpp:245) Creating SurfaceComposerClient
INFO: (external/MY_minicap/src/minicap_34.cpp:248) Performing SurfaceComposerClient init check
INFO: (external/MY_minicap/src/minicap_34.cpp:259) Creating virtual display
INFO: (external/MY_minicap/src/minicap_34.cpp:266) Creating buffer queue
INFO: (external/MY_minicap/src/minicap_34.cpp:269) Setting buffer options
INFO: (external/MY_minicap/src/minicap_34.cpp:273) Creating CPU consumer
INFO: (external/MY_minicap/src/minicap_34.cpp:277) Creating frame waiter
INFO: (external/MY_minicap/src/minicap_34.cpp:281) Publishing virtual display
PID: 7456
INFO: Using projection 1080x2400@1080x2400/0
INFO: (external/MY_minicap/src/minicap_34.cpp:394) In Android 34
INFO: (external/MY_minicap/src/minicap_34.cpp:245) Creating SurfaceComposerClient
INFO: (external/MY_minicap/src/minicap_34.cpp:248) Performing SurfaceComposerClient init check
INFO: (external/MY_minicap/src/minicap_34.cpp:259) Creating virtual display
INFO: (external/MY_minicap/src/minicap_34.cpp:266) Creating buffer queue
INFO: (external/MY_minicap/src/minicap_34.cpp:269) Setting buffer options
INFO: (external/MY_minicap/src/minicap_34.cpp:273) Creating CPU consumer
INFO: (external/MY_minicap/src/minicap_34.cpp:277) Creating frame waiter
INFO: (external/MY_minicap/src/minicap_34.cpp:281) Publishing virtual display
PID: 7692
INFO: Using projection 1080x2400@1080x2400/0
INFO: (external/MY_minicap/src/minicap_34.cpp:394) In Android 34
INFO: (external/MY_minicap/src/minicap_34.cpp:245) Creating SurfaceComposerClient
INFO: (external/MY_minicap/src/minicap_34.cpp:248) Performing SurfaceComposerClient init check
INFO: (external/MY_minicap/src/minicap_34.cpp:259) Creating virtual display
INFO: (external/MY_minicap/src/minicap_34.cpp:266) Creating buffer queue
INFO: (external/MY_minicap/src/minicap_34.cpp:269) Setting buffer options
INFO: (external/MY_minicap/src/minicap_34.cpp:273) Creating CPU consumer
INFO: (external/MY_minicap/src/minicap_34.cpp:277) Creating frame waiter
INFO: (external/MY_minicap/src/minicap_34.cpp:281) Publishing virtual display
PID: 8482
INFO: Using projection 1080x2400@1080x2400/0
INFO: (external/MY_minicap/src/minicap_34.cpp:394) In Android 34
INFO: (external/MY_minicap/src/minicap_34.cpp:245) Creating SurfaceComposerClient
INFO: (external/MY_minicap/src/minicap_34.cpp:248) Performing SurfaceComposerClient init check
INFO: (external/MY_minicap/src/minicap_34.cpp:259) Creating virtual display
INFO: (external/MY_minicap/src/minicap_34.cpp:266) Creating buffer queue
INFO: (external/MY_minicap/src/minicap_34.cpp:269) Setting buffer options
INFO: (external/MY_minicap/src/minicap_34.cpp:273) Creating CPU consumer
INFO: (external/MY_minicap/src/minicap_34.cpp:277) Creating frame waiter
INFO: (external/MY_minicap/src/minicap_34.cpp:281) Publishing virtual display
